// Jest Snapshot v1, https://goo.gl/fbAQLP

exports[`test Icon component should render correct color 1`] = `
Object {
  "asFragment": [Function],
  "baseElement": <body>
    <div>
      <svg
        class="sc-bdfBwQ grfFHw"
        color="black"
        data-testid="icon-svg"
        height="20px"
        viewBox="0 0 1024 1024"
        width="20px"
      >
        <path
          class="sc-gsTCUz cQSuoa"
          color="black"
          d="M648 64h-272c-66.274 0-120 53.726-120 120v656c0 66.274 53.726 120 120 120h272c66.274 0 120-53.726 120-120v-656c0-66.274-53.726-120-120-120zM376 144h272c22.056 0 40 17.944 40 40v495.968h-352v-495.968c0-22.056 17.946-40 40-40zM648 880h-272c-22.054 0-40-17.944-40-40v-80.032h352v80.032c0 22.056-17.944 40-40 40zM544.034 819.962c0 17.676-14.33 32.002-32.004 32.002-17.67 0-32-14.326-32-32.002 0-17.672 14.33-31.998 32-31.998 17.674-0 32.004 14.326 32.004 31.998z"
          data-testid="icon-path"
        />
      </svg>
    </div>
  </body>,
  "container": <div>
    <svg
      class="sc-bdfBwQ grfFHw"
      color="black"
      data-testid="icon-svg"
      height="20px"
      viewBox="0 0 1024 1024"
      width="20px"
    >
      <path
        class="sc-gsTCUz cQSuoa"
        color="black"
        d="M648 64h-272c-66.274 0-120 53.726-120 120v656c0 66.274 53.726 120 120 120h272c66.274 0 120-53.726 120-120v-656c0-66.274-53.726-120-120-120zM376 144h272c22.056 0 40 17.944 40 40v495.968h-352v-495.968c0-22.056 17.946-40 40-40zM648 880h-272c-22.054 0-40-17.944-40-40v-80.032h352v80.032c0 22.056-17.944 40-40 40zM544.034 819.962c0 17.676-14.33 32.002-32.004 32.002-17.67 0-32-14.326-32-32.002 0-17.672 14.33-31.998 32-31.998 17.674-0 32.004 14.326 32.004 31.998z"
        data-testid="icon-path"
      />
    </svg>
  </div>,
  "debug": [Function],
  "findAllByAltText": [Function],
  "findAllByDisplayValue": [Function],
  "findAllByLabelText": [Function],
  "findAllByPlaceholderText": [Function],
  "findAllByRole": [Function],
  "findAllByTestId": [Function],
  "findAllByText": [Function],
  "findAllByTitle": [Function],
  "findByAltText": [Function],
  "findByDisplayValue": [Function],
  "findByLabelText": [Function],
  "findByPlaceholderText": [Function],
  "findByRole": [Function],
  "findByTestId": [Function],
  "findByText": [Function],
  "findByTitle": [Function],
  "getAllByAltText": [Function],
  "getAllByDisplayValue": [Function],
  "getAllByLabelText": [Function],
  "getAllByPlaceholderText": [Function],
  "getAllByRole": [Function],
  "getAllByTestId": [Function],
  "getAllByText": [Function],
  "getAllByTitle": [Function],
  "getByAltText": [Function],
  "getByDisplayValue": [Function],
  "getByLabelText": [Function],
  "getByPlaceholderText": [Function],
  "getByRole": [Function],
  "getByTestId": [Function],
  "getByText": [Function],
  "getByTitle": [Function],
  "queryAllByAltText": [Function],
  "queryAllByDisplayValue": [Function],
  "queryAllByLabelText": [Function],
  "queryAllByPlaceholderText": [Function],
  "queryAllByRole": [Function],
  "queryAllByTestId": [Function],
  "queryAllByText": [Function],
  "queryAllByTitle": [Function],
  "queryByAltText": [Function],
  "queryByDisplayValue": [Function],
  "queryByLabelText": [Function],
  "queryByPlaceholderText": [Function],
  "queryByRole": [Function],
  "queryByTestId": [Function],
  "queryByText": [Function],
  "queryByTitle": [Function],
  "rerender": [Function],
  "unmount": [Function],
}
`;

exports[`test Icon component should render correct with block 1`] = `
Object {
  "asFragment": [Function],
  "baseElement": <body>
    <div>
      <svg
        class="sc-bdfBwQ ikKCKo"
        color="black"
        data-testid="icon-svg"
        height="20px"
        viewBox="0 0 1024 1024"
        width="20px"
      >
        <path
          class="sc-gsTCUz cQSuoa"
          color="black"
          d="M648 64h-272c-66.274 0-120 53.726-120 120v656c0 66.274 53.726 120 120 120h272c66.274 0 120-53.726 120-120v-656c0-66.274-53.726-120-120-120zM376 144h272c22.056 0 40 17.944 40 40v495.968h-352v-495.968c0-22.056 17.946-40 40-40zM648 880h-272c-22.054 0-40-17.944-40-40v-80.032h352v80.032c0 22.056-17.944 40-40 40zM544.034 819.962c0 17.676-14.33 32.002-32.004 32.002-17.67 0-32-14.326-32-32.002 0-17.672 14.33-31.998 32-31.998 17.674-0 32.004 14.326 32.004 31.998z"
          data-testid="icon-path"
        />
      </svg>
    </div>
  </body>,
  "container": <div>
    <svg
      class="sc-bdfBwQ ikKCKo"
      color="black"
      data-testid="icon-svg"
      height="20px"
      viewBox="0 0 1024 1024"
      width="20px"
    >
      <path
        class="sc-gsTCUz cQSuoa"
        color="black"
        d="M648 64h-272c-66.274 0-120 53.726-120 120v656c0 66.274 53.726 120 120 120h272c66.274 0 120-53.726 120-120v-656c0-66.274-53.726-120-120-120zM376 144h272c22.056 0 40 17.944 40 40v495.968h-352v-495.968c0-22.056 17.946-40 40-40zM648 880h-272c-22.054 0-40-17.944-40-40v-80.032h352v80.032c0 22.056-17.944 40-40 40zM544.034 819.962c0 17.676-14.33 32.002-32.004 32.002-17.67 0-32-14.326-32-32.002 0-17.672 14.33-31.998 32-31.998 17.674-0 32.004 14.326 32.004 31.998z"
        data-testid="icon-path"
      />
    </svg>
  </div>,
  "debug": [Function],
  "findAllByAltText": [Function],
  "findAllByDisplayValue": [Function],
  "findAllByLabelText": [Function],
  "findAllByPlaceholderText": [Function],
  "findAllByRole": [Function],
  "findAllByTestId": [Function],
  "findAllByText": [Function],
  "findAllByTitle": [Function],
  "findByAltText": [Function],
  "findByDisplayValue": [Function],
  "findByLabelText": [Function],
  "findByPlaceholderText": [Function],
  "findByRole": [Function],
  "findByTestId": [Function],
  "findByText": [Function],
  "findByTitle": [Function],
  "getAllByAltText": [Function],
  "getAllByDisplayValue": [Function],
  "getAllByLabelText": [Function],
  "getAllByPlaceholderText": [Function],
  "getAllByRole": [Function],
  "getAllByTestId": [Function],
  "getAllByText": [Function],
  "getAllByTitle": [Function],
  "getByAltText": [Function],
  "getByDisplayValue": [Function],
  "getByLabelText": [Function],
  "getByPlaceholderText": [Function],
  "getByRole": [Function],
  "getByTestId": [Function],
  "getByText": [Function],
  "getByTitle": [Function],
  "queryAllByAltText": [Function],
  "queryAllByDisplayValue": [Function],
  "queryAllByLabelText": [Function],
  "queryAllByPlaceholderText": [Function],
  "queryAllByRole": [Function],
  "queryAllByTestId": [Function],
  "queryAllByText": [Function],
  "queryAllByTitle": [Function],
  "queryByAltText": [Function],
  "queryByDisplayValue": [Function],
  "queryByLabelText": [Function],
  "queryByPlaceholderText": [Function],
  "queryByRole": [Function],
  "queryByTestId": [Function],
  "queryByText": [Function],
  "queryByTitle": [Function],
  "rerender": [Function],
  "unmount": [Function],
}
`;
